Godot Engine v4.7.2.stable.official.ed1daf0bf - https://godotengine.org

ERROR: Failed to read the root certificate store.
   at: get_system_ca_certificates (platform/windows/os_windows.cpp:2582)
ERROR: Cannot create file 'C:/Users/tsz/AppData/Local/Godot/editor_doc_cache-4.7.res'.
   at: save (core/io/resource_format_binary.cpp:2117)
ERROR: Cannot save editor help cache (C:/Users/tsz/AppData/Local/Godot/editor_doc_cache-4.7.res).
   at: _gen_doc_thread (editor/doc/editor_help.cpp:3071)
[   0% ] first_scan_filesystem | Started 项目初始化 (5 steps)
[   0% ] first_scan_filesystem | 正在扫描文件结构……
[  16% ] first_scan_filesystem | 正在加载全局类名……
[  33% ] first_scan_filesystem | 正在校验 GDExtension……
[  50% ] first_scan_filesystem | 正在创建自动加载脚本……
[  66% ] first_scan_filesystem | 正在初始化插件……
[  83% ] first_scan_filesystem | 正在启动文件扫描……
[ DONE ] first_scan_filesystem

[   0% ] _update_scan_actions | Started 正在扫描动作…… (13 steps)
[   0% ] _update_scan_actions | chuanyang_walk_4dir.png
[   7% ] _update_scan_actions | credits.csv
[  14% ] _update_scan_actions | source-walk.png
[  21% ] _update_scan_actions | credits.csv
[  28% ] _update_scan_actions | shuangyu_walk_4dir.png
[  35% ] _update_scan_actions | source-walk.png
[  42% ] _update_scan_actions | chenxing_walk_4dir.png
[  50% ] _update_scan_actions | credits.csv
[  57% ] _update_scan_actions | source-walk.png
[  64% ] _update_scan_actions | four_roles.png
[  71% ] _update_scan_actions | credits.csv
[  78% ] _update_scan_actions | pojun_walk_4dir.png
[  85% ] _update_scan_actions | source-walk.png
[ DONE ] _update_scan_actions

[   0% ] reimport | Started 正在导入或重新导入资产 (13 steps)
[   0% ] reimport | 正在准备重新导入文件……
[   7% ] reimport | 正在准备重新导入文件……
[  14% ] reimport | 正在准备重新导入文件……
[  21% ] reimport | 正在准备重新导入文件……
[  28% ] reimport | 正在准备重新导入文件……
[  35% ] reimport | 正在准备重新导入文件……
[  42% ] reimport | 正在准备重新导入文件……
[  50% ] reimport | 正在准备重新导入文件……
[  57% ] reimport | 正在准备重新导入文件……
[  64% ] reimport | 正在准备重新导入文件……
[  71% ] reimport | 正在准备重新导入文件……
[  78% ] reimport | 正在准备重新导入文件……
[  85% ] reimport | 正在准备重新导入文件……
[   0% ] reimport | 正在执行重新导入的前置操作……
[   0% ] reimport | credits.csv
[   7% ] reimport | credits.csv
[  14% ] reimport | credits.csv
[  21% ] reimport | credits.csv
[  28% ] reimport | credits.csv
[  35% ] reimport | credits.csv
[  42% ] reimport | credits.csv
[  50% ] reimport | credits.csv
[  57% ] reimport | chuanyang_walk_4dir.png
[  64% ] reimport | source-walk.png
[  71% ] reimport | shuangyu_walk_4dir.png
[  78% ] reimport | source-walk.png
[  85% ] reimport | chenxing_walk_4dir.png
[  92% ] reimport | 正在结束资产导入……
[ DONE ] reimport

[   0% ] reimport | Started 正在导入或重新导入资产 (13 steps)
[   0% ] reimport | 正在执行重新导入的后置操作……
[ DONE ] reimport

[   0% ] loading_editor_layout | Started 正在加载编辑器 (5 steps)
[   0% ] loading_editor_layout | 正在加载编辑器布局……
[  16% ] loading_editor_layout | 正在加载停靠面板……
[  33% ] loading_editor_layout | 正在重新打开场景……
[  50% ] loading_editor_layout | 正在加载中央编辑器布局……
[  66% ] loading_editor_layout | 正在加载插件窗口布局……
[  83% ] loading_editor_layout | 编辑器布局就绪。
[ DONE ] loading_editor_layout

ERROR: Cannot save file 'C:/Users/tsz/AppData/Roaming/Godot/editor_settings-4.7.tres'.
   at: save (scene/resources/resource_format_text.cpp:1768)
ERROR: Error saving editor settings to C:/Users/tsz/AppData/Roaming/Godot/editor_settings-4.7.tres
   at: save (editor/settings/editor_settings.cpp:1525)
