Godot Engine v4.7.2.stable.official.ed1daf0bf - https://godotengine.org

ERROR: Failed to read the root certificate store.
   at: get_system_ca_certificates (platform/windows/os_windows.cpp:2582)
[   0% ] first_scan_filesystem | Started 项目初始化 (5 steps)
[   0% ] first_scan_filesystem | 正在扫描文件结构……
[  16% ] first_scan_filesystem | 正在加载全局类名……
[  33% ] first_scan_filesystem | 正在校验 GDExtension……
[  50% ] first_scan_filesystem | 正在创建自动加载脚本……
[  66% ] first_scan_filesystem | 正在初始化插件……
[  83% ] first_scan_filesystem | 正在启动文件扫描……
[ DONE ] first_scan_filesystem

[   0% ] update_scripts_classes | Started 正在注册全局类…… (16 steps)
[   0% ] update_scripts_classes | BattleScene
[   5% ] update_scripts_classes | MapScene
[  11% ] update_scripts_classes | 
[  17% ] update_scripts_classes | BagPanel
[  23% ] update_scripts_classes | DeployPanel
[  29% ] update_scripts_classes | EquipPanel
[  35% ] update_scripts_classes | GrowthPanel
[  41% ] update_scripts_classes | MountPanel
[  47% ] update_scripts_classes | PageDeck
[  52% ] update_scripts_classes | 
[  58% ] update_scripts_classes | SlideCard
[  64% ] update_scripts_classes | TitlePanel
[  70% ] update_scripts_classes | 
[  76% ] update_scripts_classes | 
[  82% ] update_scripts_classes | 
[  88% ] update_scripts_classes | 
[ DONE ] update_scripts_classes

[   0% ] _update_scan_actions | Started 正在扫描动作…… (33 steps)
[   0% ] _update_scan_actions | chenxing_4dir_256.png
[   2% ] _update_scan_actions | chenxing_4dir_preview.png
[   5% ] _update_scan_actions | chenxing_4dir_source.png
[   8% ] _update_scan_actions | chenxing_back_128.png
[  11% ] _update_scan_actions | chenxing_front_128.png
[  14% ] _update_scan_actions | chenxing_left_128.png
[  17% ] _update_scan_actions | chenxing_right_128.png
[  20% ] _update_scan_actions | chuanyang_4dir_256.png
[  23% ] _update_scan_actions | chuanyang_4dir_preview.png
[  26% ] _update_scan_actions | chuanyang_4dir_source.png
[  29% ] _update_scan_actions | chuanyang_back_128.png
[  32% ] _update_scan_actions | chuanyang_front_128.png
[  35% ] _update_scan_actions | chuanyang_left_128.png
[  38% ] _update_scan_actions | chuanyang_right_128.png
[  41% ] _update_scan_actions | pojun_4dir_256.png
[  44% ] _update_scan_actions | pojun_4dir_preview.png
[  47% ] _update_scan_actions | pojun_4dir_source.png
[  50% ] _update_scan_actions | pojun_back_128.png
[  52% ] _update_scan_actions | pojun_front_128.png
[  55% ] _update_scan_actions | pojun_left_128.png
[  58% ] _update_scan_actions | pojun_right_128.png
[  61% ] _update_scan_actions | shuangyu_4dir_256.png
[  64% ] _update_scan_actions | shuangyu_4dir_preview.png
[  67% ] _update_scan_actions | shuangyu_4dir_source.png
[  70% ] _update_scan_actions | shuangyu_back_128.png
[  73% ] _update_scan_actions | shuangyu_front_128.png
[  76% ] _update_scan_actions | shuangyu_left_128.png
[  79% ] _update_scan_actions | shuangyu_right_128.png
[  82% ] _update_scan_actions | shuangyu_side_v16_draft.png
[  85% ] _update_scan_actions | shuangyu_walk_before_side_v16.png
[  88% ] _update_scan_actions | shuangyu_idle_side_v16.png
[  91% ] _update_scan_actions | shuangyu_walk_4dir.png
[  94% ] _update_scan_actions | shuangyu_walk_side_v16.png
[ DONE ] _update_scan_actions

[   0% ] reimport | Started 正在导入或重新导入资产 (33 steps)
[   0% ] reimport | 正在准备重新导入文件……
[   2% ] reimport | 正在准备重新导入文件……
[   5% ] reimport | 正在准备重新导入文件……
[   8% ] reimport | 正在准备重新导入文件……
[  11% ] reimport | 正在准备重新导入文件……
[  14% ] reimport | 正在准备重新导入文件……
[  17% ] reimport | 正在准备重新导入文件……
[  20% ] reimport | 正在准备重新导入文件……
[  23% ] reimport | 正在准备重新导入文件……
[  26% ] reimport | 正在准备重新导入文件……
[  29% ] reimport | 正在准备重新导入文件……
[  32% ] reimport | 正在准备重新导入文件……
[  35% ] reimport | 正在准备重新导入文件……
[  38% ] reimport | 正在准备重新导入文件……
[  41% ] reimport | 正在准备重新导入文件……
[  44% ] reimport | 正在准备重新导入文件……
[  47% ] reimport | 正在准备重新导入文件……
[  50% ] reimport | 正在准备重新导入文件……
[  52% ] reimport | 正在准备重新导入文件……
[  55% ] reimport | 正在准备重新导入文件……
[  58% ] reimport | 正在准备重新导入文件……
[  61% ] reimport | 正在准备重新导入文件……
[  64% ] reimport | 正在准备重新导入文件……
[  67% ] reimport | 正在准备重新导入文件……
[  70% ] reimport | 正在准备重新导入文件……
[  73% ] reimport | 正在准备重新导入文件……
[  76% ] reimport | 正在准备重新导入文件……
[  79% ] reimport | 正在准备重新导入文件……
[  82% ] reimport | 正在准备重新导入文件……
[  85% ] reimport | 正在准备重新导入文件……
[  88% ] reimport | 正在准备重新导入文件……
[  91% ] reimport | 正在准备重新导入文件……
[  94% ] reimport | 正在准备重新导入文件……
[   0% ] reimport | 正在执行重新导入的前置操作……
[   0% ] reimport | shuangyu_walk_side_v16.png
[   2% ] reimport | shuangyu_walk_4dir.png
[   5% ] reimport | shuangyu_idle_side_v16.png
[   8% ] reimport | shuangyu_walk_before_side_v16.png
[  11% ] reimport | shuangyu_side_v16_draft.png
[  14% ] reimport | shuangyu_right_128.png
[  17% ] reimport | shuangyu_left_128.png
[  20% ] reimport | shuangyu_front_128.png
[  23% ] reimport | shuangyu_back_128.png
[  26% ] reimport | shuangyu_4dir_source.png
[  29% ] reimport | shuangyu_4dir_preview.png
[  32% ] reimport | shuangyu_4dir_256.png
[  35% ] reimport | pojun_right_128.png
[  38% ] reimport | pojun_left_128.png
[  41% ] reimport | pojun_front_128.png
[  44% ] reimport | pojun_back_128.png
[  47% ] reimport | chenxing_4dir_256.png
[  50% ] reimport | chenxing_4dir_preview.png
[  52% ] reimport | chenxing_4dir_source.png
[  55% ] reimport | chenxing_back_128.png
[  58% ] reimport | chenxing_front_128.png
[  61% ] reimport | chenxing_left_128.png
[  64% ] reimport | chenxing_right_128.png
[  67% ] reimport | chuanyang_4dir_256.png
[  70% ] reimport | chuanyang_4dir_preview.png
[  73% ] reimport | chuanyang_4dir_source.png
[  76% ] reimport | chuanyang_back_128.png
[  79% ] reimport | chuanyang_front_128.png
[  82% ] reimport | chuanyang_left_128.png
[  85% ] reimport | chuanyang_right_128.png
[  88% ] reimport | pojun_4dir_256.png
[  91% ] reimport | pojun_4dir_preview.png
[  94% ] reimport | pojun_4dir_source.png
[  97% ] reimport | 正在结束资产导入……
[ DONE ] reimport

[   0% ] reimport | Started 正在导入或重新导入资产 (33 steps)
[   0% ] reimport | 正在执行重新导入的后置操作……
[ DONE ] reimport

[   0% ] loading_editor_layout | Started 正在加载编辑器 (5 steps)
[   0% ] loading_editor_layout | 正在加载编辑器布局……
[  16% ] loading_editor_layout | 正在加载停靠面板……
[  33% ] loading_editor_layout | 正在重新打开场景……
[  50% ] loading_editor_layout | 正在加载中央编辑器布局……
[  66% ] loading_editor_layout | 正在加载插件窗口布局……
[  83% ] loading_editor_layout | 编辑器布局就绪。
[ DONE ] loading_editor_layout

