Godot Engine v4.7.2.stable.official.ed1daf0bf - https://godotengine.org

ERROR: Failed to read the root certificate store.
   at: get_system_ca_certificates (platform/windows/os_windows.cpp:2582)
[   0% ] [90m[1mfirst_scan_filesystem[22m | Started 项目初始化 (5 steps)[39m[0m
[   0% ] [90m[1mfirst_scan_filesystem[22m | 正在扫描文件结构……[39m[0m
[  16% ] [90m[1mfirst_scan_filesystem[22m | 正在加载全局类名……[39m[0m
[  33% ] [90m[1mfirst_scan_filesystem[22m | 正在校验 GDExtension……[39m[0m
[  50% ] [90m[1mfirst_scan_filesystem[22m | 正在创建自动加载脚本……[39m[0m
[  66% ] [90m[1mfirst_scan_filesystem[22m | 正在初始化插件……[39m[0m
[  83% ] [90m[1mfirst_scan_filesystem[22m | 正在启动文件扫描……[39m[0m
[92m[ DONE ][39m [1mfirst_scan_filesystem[22m
[0m
[   0% ] [90m[1mupdate_scripts_classes[22m | Started 正在注册全局类…… (16 steps)[39m[0m
[   0% ] [90m[1mupdate_scripts_classes[22m | BattleScene[39m[0m
[   5% ] [90m[1mupdate_scripts_classes[22m | MapScene[39m[0m
[  11% ] [90m[1mupdate_scripts_classes[22m | [39m[0m
[  17% ] [90m[1mupdate_scripts_classes[22m | BagPanel[39m[0m
[  23% ] [90m[1mupdate_scripts_classes[22m | DeployPanel[39m[0m
[  29% ] [90m[1mupdate_scripts_classes[22m | EquipPanel[39m[0m
[  35% ] [90m[1mupdate_scripts_classes[22m | GrowthPanel[39m[0m
[  41% ] [90m[1mupdate_scripts_classes[22m | MountPanel[39m[0m
[  47% ] [90m[1mupdate_scripts_classes[22m | PageDeck[39m[0m
[  52% ] [90m[1mupdate_scripts_classes[22m | [39m[0m
[  58% ] [90m[1mupdate_scripts_classes[22m | SlideCard[39m[0m
[  64% ] [90m[1mupdate_scripts_classes[22m | TitlePanel[39m[0m
[  70% ] [90m[1mupdate_scripts_classes[22m | [39m[0m
[  76% ] [90m[1mupdate_scripts_classes[22m | [39m[0m
[  82% ] [90m[1mupdate_scripts_classes[22m | [39m[0m
[  88% ] [90m[1mupdate_scripts_classes[22m | [39m[0m
[92m[ DONE ][39m [1mupdate_scripts_classes[22m
[0m
[   0% ] [90m[1m_update_scan_actions[22m | Started 正在扫描动作…… (33 steps)[39m[0m
[   0% ] [90m[1m_update_scan_actions[22m | chenxing_4dir_256.png[39m[0m
[   2% ] [90m[1m_update_scan_actions[22m | chenxing_4dir_preview.png[39m[0m
[   5% ] [90m[1m_update_scan_actions[22m | chenxing_4dir_source.png[39m[0m
[   8% ] [90m[1m_update_scan_actions[22m | chenxing_back_128.png[39m[0m
[  11% ] [90m[1m_update_scan_actions[22m | chenxing_front_128.png[39m[0m
[  14% ] [90m[1m_update_scan_actions[22m | chenxing_left_128.png[39m[0m
[  17% ] [90m[1m_update_scan_actions[22m | chenxing_right_128.png[39m[0m
[  20% ] [90m[1m_update_scan_actions[22m | chuanyang_4dir_256.png[39m[0m
[  23% ] [90m[1m_update_scan_actions[22m | chuanyang_4dir_preview.png[39m[0m
[  26% ] [90m[1m_update_scan_actions[22m | chuanyang_4dir_source.png[39m[0m
[  29% ] [90m[1m_update_scan_actions[22m | chuanyang_back_128.png[39m[0m
[  32% ] [90m[1m_update_scan_actions[22m | chuanyang_front_128.png[39m[0m
[  35% ] [90m[1m_update_scan_actions[22m | chuanyang_left_128.png[39m[0m
[  38% ] [90m[1m_update_scan_actions[22m | chuanyang_right_128.png[39m[0m
[  41% ] [90m[1m_update_scan_actions[22m | pojun_4dir_256.png[39m[0m
[  44% ] [90m[1m_update_scan_actions[22m | pojun_4dir_preview.png[39m[0m
[  47% ] [90m[1m_update_scan_actions[22m | pojun_4dir_source.png[39m[0m
[  50% ] [90m[1m_update_scan_actions[22m | pojun_back_128.png[39m[0m
[  52% ] [90m[1m_update_scan_actions[22m | pojun_front_128.png[39m[0m
[  55% ] [90m[1m_update_scan_actions[22m | pojun_left_128.png[39m[0m
[  58% ] [90m[1m_update_scan_actions[22m | pojun_right_128.png[39m[0m
[  61% ] [90m[1m_update_scan_actions[22m | shuangyu_4dir_256.png[39m[0m
[  64% ] [90m[1m_update_scan_actions[22m | shuangyu_4dir_preview.png[39m[0m
[  67% ] [90m[1m_update_scan_actions[22m | shuangyu_4dir_source.png[39m[0m
[  70% ] [90m[1m_update_scan_actions[22m | shuangyu_back_128.png[39m[0m
[  73% ] [90m[1m_update_scan_actions[22m | shuangyu_front_128.png[39m[0m
[  76% ] [90m[1m_update_scan_actions[22m | shuangyu_left_128.png[39m[0m
[  79% ] [90m[1m_update_scan_actions[22m | shuangyu_right_128.png[39m[0m
[  82% ] [90m[1m_update_scan_actions[22m | shuangyu_side_v16_draft.png[39m[0m
[  85% ] [90m[1m_update_scan_actions[22m | shuangyu_walk_before_side_v16.png[39m[0m
[  88% ] [90m[1m_update_scan_actions[22m | shuangyu_idle_side_v16.png[39m[0m
[  91% ] [90m[1m_update_scan_actions[22m | shuangyu_walk_4dir.png[39m[0m
[  94% ] [90m[1m_update_scan_actions[22m | shuangyu_walk_side_v16.png[39m[0m
[92m[ DONE ][39m [1m_update_scan_actions[22m
[0m
[   0% ] [90m[1mreimport[22m | Started 正在导入或重新导入资产 (33 steps)[39m[0m
[   0% ] [90m[1mreimport[22m | 正在准备重新导入文件……[39m[0m
[   2% ] [90m[1mreimport[22m | 正在准备重新导入文件……[39m[0m
[   5% ] [90m[1mreimport[22m | 正在准备重新导入文件……[39m[0m
[   8% ] [90m[1mreimport[22m | 正在准备重新导入文件……[39m[0m
[  11% ] [90m[1mreimport[22m | 正在准备重新导入文件……[39m[0m
[  14% ] [90m[1mreimport[22m | 正在准备重新导入文件……[39m[0m
[  17% ] [90m[1mreimport[22m | 正在准备重新导入文件……[39m[0m
[  20% ] [90m[1mreimport[22m | 正在准备重新导入文件……[39m[0m
[  23% ] [90m[1mreimport[22m | 正在准备重新导入文件……[39m[0m
[  26% ] [90m[1mreimport[22m | 正在准备重新导入文件……[39m[0m
[  29% ] [90m[1mreimport[22m | 正在准备重新导入文件……[39m[0m
[  32% ] [90m[1mreimport[22m | 正在准备重新导入文件……[39m[0m
[  35% ] [90m[1mreimport[22m | 正在准备重新导入文件……[39m[0m
[  38% ] [90m[1mreimport[22m | 正在准备重新导入文件……[39m[0m
[  41% ] [90m[1mreimport[22m | 正在准备重新导入文件……[39m[0m
[  44% ] [90m[1mreimport[22m | 正在准备重新导入文件……[39m[0m
[  47% ] [90m[1mreimport[22m | 正在准备重新导入文件……[39m[0m
[  50% ] [90m[1mreimport[22m | 正在准备重新导入文件……[39m[0m
[  52% ] [90m[1mreimport[22m | 正在准备重新导入文件……[39m[0m
[  55% ] [90m[1mreimport[22m | 正在准备重新导入文件……[39m[0m
[  58% ] [90m[1mreimport[22m | 正在准备重新导入文件……[39m[0m
[  61% ] [90m[1mreimport[22m | 正在准备重新导入文件……[39m[0m
[  64% ] [90m[1mreimport[22m | 正在准备重新导入文件……[39m[0m
[  67% ] [90m[1mreimport[22m | 正在准备重新导入文件……[39m[0m
[  70% ] [90m[1mreimport[22m | 正在准备重新导入文件……[39m[0m
[  73% ] [90m[1mreimport[22m | 正在准备重新导入文件……[39m[0m
[  76% ] [90m[1mreimport[22m | 正在准备重新导入文件……[39m[0m
[  79% ] [90m[1mreimport[22m | 正在准备重新导入文件……[39m[0m
[  82% ] [90m[1mreimport[22m | 正在准备重新导入文件……[39m[0m
[  85% ] [90m[1mreimport[22m | 正在准备重新导入文件……[39m[0m
[  88% ] [90m[1mreimport[22m | 正在准备重新导入文件……[39m[0m
[  91% ] [90m[1mreimport[22m | 正在准备重新导入文件……[39m[0m
[  94% ] [90m[1mreimport[22m | 正在准备重新导入文件……[39m[0m
[   0% ] [90m[1mreimport[22m | 正在执行重新导入的前置操作……[39m[0m
[   0% ] [90m[1mreimport[22m | shuangyu_walk_side_v16.png[39m[0m
[   2% ] [90m[1mreimport[22m | shuangyu_walk_4dir.png[39m[0m
[   5% ] [90m[1mreimport[22m | shuangyu_idle_side_v16.png[39m[0m
[   8% ] [90m[1mreimport[22m | shuangyu_walk_before_side_v16.png[39m[0m
[  11% ] [90m[1mreimport[22m | shuangyu_side_v16_draft.png[39m[0m
[  14% ] [90m[1mreimport[22m | shuangyu_right_128.png[39m[0m
[  17% ] [90m[1mreimport[22m | shuangyu_left_128.png[39m[0m
[  20% ] [90m[1mreimport[22m | shuangyu_front_128.png[39m[0m
[  23% ] [90m[1mreimport[22m | shuangyu_back_128.png[39m[0m
[  26% ] [90m[1mreimport[22m | shuangyu_4dir_source.png[39m[0m
[  29% ] [90m[1mreimport[22m | shuangyu_4dir_preview.png[39m[0m
[  32% ] [90m[1mreimport[22m | shuangyu_4dir_256.png[39m[0m
[  35% ] [90m[1mreimport[22m | pojun_right_128.png[39m[0m
[  38% ] [90m[1mreimport[22m | pojun_left_128.png[39m[0m
[  41% ] [90m[1mreimport[22m | pojun_front_128.png[39m[0m
[  44% ] [90m[1mreimport[22m | pojun_back_128.png[39m[0m
[  47% ] [90m[1mreimport[22m | chenxing_4dir_256.png[39m[0m
[  50% ] [90m[1mreimport[22m | chenxing_4dir_preview.png[39m[0m
[  52% ] [90m[1mreimport[22m | chenxing_4dir_source.png[39m[0m
[  55% ] [90m[1mreimport[22m | chenxing_back_128.png[39m[0m
[  58% ] [90m[1mreimport[22m | chenxing_front_128.png[39m[0m
[  61% ] [90m[1mreimport[22m | chenxing_left_128.png[39m[0m
[  64% ] [90m[1mreimport[22m | chenxing_right_128.png[39m[0m
[  67% ] [90m[1mreimport[22m | chuanyang_4dir_256.png[39m[0m
[  70% ] [90m[1mreimport[22m | chuanyang_4dir_preview.png[39m[0m
[  73% ] [90m[1mreimport[22m | chuanyang_4dir_source.png[39m[0m
[  76% ] [90m[1mreimport[22m | chuanyang_back_128.png[39m[0m
[  79% ] [90m[1mreimport[22m | chuanyang_front_128.png[39m[0m
[  82% ] [90m[1mreimport[22m | chuanyang_left_128.png[39m[0m
[  85% ] [90m[1mreimport[22m | chuanyang_right_128.png[39m[0m
[  88% ] [90m[1mreimport[22m | pojun_4dir_256.png[39m[0m
[  91% ] [90m[1mreimport[22m | pojun_4dir_preview.png[39m[0m
[  94% ] [90m[1mreimport[22m | pojun_4dir_source.png[39m[0m
[  97% ] [90m[1mreimport[22m | 正在结束资产导入……[39m[0m
[92m[ DONE ][39m [1mreimport[22m
[0m
[   0% ] [90m[1mreimport[22m | Started 正在导入或重新导入资产 (33 steps)[39m[0m
[   0% ] [90m[1mreimport[22m | 正在执行重新导入的后置操作……[39m[0m
[92m[ DONE ][39m [1mreimport[22m
[0m
[   0% ] [90m[1mloading_editor_layout[22m | Started 正在加载编辑器 (5 steps)[39m[0m
[   0% ] [90m[1mloading_editor_layout[22m | 正在加载编辑器布局……[39m[0m
[  16% ] [90m[1mloading_editor_layout[22m | 正在加载停靠面板……[39m[0m
[  33% ] [90m[1mloading_editor_layout[22m | 正在重新打开场景……[39m[0m
[  50% ] [90m[1mloading_editor_layout[22m | 正在加载中央编辑器布局……[39m[0m
[  66% ] [90m[1mloading_editor_layout[22m | 正在加载插件窗口布局……[39m[0m
[  83% ] [90m[1mloading_editor_layout[22m | 编辑器布局就绪。[39m[0m
[92m[ DONE ][39m [1mloading_editor_layout[22m
[0m
