Godot Engine v4.7.2.stable.official.ed1daf0bf - https://godotengine.org

SECOND_ACT_OK
ERROR: 1 RID allocations of type 'PN18TextServerAdvanced12FontAdvancedE' were leaked at exit.
WARNING: 存档处于锁定状态，本次写盘已跳过（原因：；备份：）
   at: push_warning (core/variant/variant_utility.cpp:1033)
   GDScript backtrace (most recent call first):
       [0] save_game (res://src/autoload/G.gd:592)
       [1] deposit (res://src/autoload/G.gd:688)
       [2] _bank_main_world_rewards (res://src/explore/MapScene.gd:3083)
       [3] _settle_main_world (res://src/explore/MapScene.gd:2918)
       [4] _run (res://tools/VerifySecondAct.gd:255)
       [5] _enter (res://tools/VerifySecondAct.gd:41)
WARNING: 存档处于锁定状态，本次写盘已跳过（原因：；备份：）
   at: push_warning (core/variant/variant_utility.cpp:1033)
   GDScript backtrace (most recent call first):
       [0] save_game (res://src/autoload/G.gd:592)
       [1] gain_exp (res://src/autoload/G.gd:730)
       [2] _bank_main_world_rewards (res://src/explore/MapScene.gd:3084)
       [3] _settle_main_world (res://src/explore/MapScene.gd:2918)
       [4] _run (res://tools/VerifySecondAct.gd:255)
       [5] _enter (res://tools/VerifySecondAct.gd:41)
WARNING: 存档处于锁定状态，本次写盘已跳过（原因：；备份：）
   at: push_warning (core/variant/variant_utility.cpp:1033)
   GDScript backtrace (most recent call first):
       [0] save_game (res://src/autoload/G.gd:592)
       [1] _settle_main_world (res://src/explore/MapScene.gd:2930)
       [2] _run (res://tools/VerifySecondAct.gd:255)
       [3] _enter (res://tools/VerifySecondAct.gd:41)
WARNING: 4 RIDs of type "Canvas" were leaked.
   at: _free_rids (servers/rendering/renderer_canvas_cull.cpp:2735)
WARNING: 17 RIDs of type "CanvasItem" were leaked.
   at: _free_rids (servers/rendering/renderer_canvas_cull.cpp:2735)
WARNING: 42 ObjectDB instances were leaked at exit (run with `--verbose` for details).
   at: cleanup (core/object/object.cpp:2536)
ERROR: 2 resources still in use at exit (run with --verbose for details).
   at: clear (core/io/resource.cpp:822)

