Godot Engine v4.7.2.stable.official.ed1daf0bf - https://godotengine.org

SAVE_OK all tests passed
WARNING: 存档迁移：存档版本 99 高于本程序支持的 6，拒绝导入（避免把它没有的字段当垃圾丢掉）
   at: push_warning (core/variant/variant_utility.cpp:1033)
   GDScript backtrace (most recent call first):
       [0] _mig_fail (res://src/save/SaveData.gd:122)
       [1] migrate (res://src/save/SaveData.gd:60)
       [2] _run (res://tools/VerifySave.gd:270)
       [3] _ready (res://tools/VerifySave.gd:14)
WARNING: 存档版本 99 高于本程序 6；原档已备份到 user:///save_verify_save_backup_1790931113.json，兼容读取并锁定写盘
   at: push_warning (core/variant/variant_utility.cpp:1033)
   GDScript backtrace (most recent call first):
       [0] _load_save (res://src/autoload/G.gd:397)
       [1] _run (res://tools/VerifySave.gd:403)
       [2] _ready (res://tools/VerifySave.gd:14)
WARNING: 存档处于锁定状态，本次写盘已跳过（原因：存档版本 99 高于本程序 6；备份：user:///save_verify_save_backup_1790931113.json）
   at: push_warning (core/variant/variant_utility.cpp:1033)
   GDScript backtrace (most recent call first):
       [0] save_game (res://src/autoload/G.gd:592)
       [1] _run (res://tools/VerifySave.gd:414)
       [2] _ready (res://tools/VerifySave.gd:14)
WARNING: 存档处于锁定状态，本次写盘已跳过（原因：存档版本 99 高于本程序 6；备份：user:///save_verify_save_backup_1790931113.json）
   at: push_warning (core/variant/variant_utility.cpp:1033)
   GDScript backtrace (most recent call first):
       [0] save_game (res://src/autoload/G.gd:592)
       [1] _refresh_quests (res://src/autoload/G.gd:4124)
       [2] quest_offer (res://src/autoload/G.gd:4090)
       [3] _quest_claimable (res://src/ui/GameHome.gd:573)
       [4] _build_top (res://src/ui/GameHome.gd:235)
       [5] _ready (res://src/ui/GameHome.gd:61)
       [6] _run (res://tools/VerifySave.gd:417)
       [7] _ready (res://tools/VerifySave.gd:14)
WARNING: 存档解析失败，沿用默认状态（原档保持不动）
   at: push_warning (core/variant/variant_utility.cpp:1033)
   GDScript backtrace (most recent call first):
       [0] _load_save (res://src/autoload/G.gd:368)
       [1] _run (res://tools/VerifySave.gd:457)
WARNING: 存档校验失败：时间水位异常：last_ts 比当前时间超前 642087 小时，会冻结按天/按时的刷新（沿用默认状态，原档已备份到 user:///save_verify_save_backup_1790931114.json 并锁定写盘）
   at: push_warning (core/variant/variant_utility.cpp:1033)
   GDScript backtrace (most recent call first):
       [0] _load_save (res://src/autoload/G.gd:391)
       [1] _run (res://tools/VerifySave.gd:493)
WARNING: 存档处于锁定状态，本次写盘已跳过（原因：时间水位异常：last_ts 比当前时间超前 642087 小时，会冻结按天/按时的刷新；备份：user:///save_verify_save_backup_1790931114.json）
   at: push_warning (core/variant/variant_utility.cpp:1033)
   GDScript backtrace (most recent call first):
       [0] save_game (res://src/autoload/G.gd:592)
       [1] _run (res://tools/VerifySave.gd:500)
WARNING: 4 RIDs of type "CanvasItem" were leaked.
   at: _free_rids (servers/rendering/renderer_canvas_cull.cpp:2735)
WARNING: 14 ObjectDB instances were leaked at exit (run with `--verbose` for details).
   at: cleanup (core/object/object.cpp:2536)
ERROR: 3 resources still in use at exit (run with --verbose for details).
   at: clear (core/io/resource.cpp:822)

