Godot Engine v4.7.2.stable.official.ed1daf0bf - https://godotengine.org

ERROR: Failed to read the root certificate store.
   at: get_system_ca_certificates (platform/windows/os_windows.cpp:2582)
[   0% ] first_scan_filesystem | Started 项目初始化 (5 steps)
[   0% ] first_scan_filesystem | 正在扫描文件结构……
[  16% ] first_scan_filesystem | 正在加载全局类名……
[  33% ] first_scan_filesystem | 正在校验 GDExtension……
[  50% ] first_scan_filesystem | 正在创建自动加载脚本……
[  66% ] first_scan_filesystem | 正在初始化插件……
[  83% ] first_scan_filesystem | 正在启动文件扫描……
[ DONE ] first_scan_filesystem

[   0% ] update_scripts_classes | Started 正在注册全局类…… (13 steps)
[   0% ] update_scripts_classes | 
[   7% ] update_scripts_classes | BattleScene
[  14% ] update_scripts_classes | RouteScene
[  21% ] update_scripts_classes | GachaPanel
[  28% ] update_scripts_classes | SlideCard
[  35% ] update_scripts_classes | 
[  42% ] update_scripts_classes | WorldPuzzlePanel
[  50% ] update_scripts_classes | 
[  57% ] update_scripts_classes | 
[  64% ] update_scripts_classes | 
[  71% ] update_scripts_classes | 
[  78% ] update_scripts_classes | 
[  85% ] update_scripts_classes | 
[ DONE ] update_scripts_classes

[   0% ] _update_scan_actions | Started 正在扫描动作…… (46 steps)
[   0% ] _update_scan_actions | d_pet_fire_fox.png
[   2% ] _update_scan_actions | d_pet_snow_mink.png
[   4% ] _update_scan_actions | d_pet_thunder_sparrow.png
[   6% ] _update_scan_actions | d_pet_turtle_chancellor.png
[   8% ] _update_scan_actions | pet_emberling.png
[  10% ] _update_scan_actions | pet_eyescat.png
[  12% ] _update_scan_actions | pet_foxfire.png
[  14% ] _update_scan_actions | pet_frostwolf.png
[  17% ] _update_scan_actions | pet_holydeer.png
[  19% ] _update_scan_actions | pet_rockturtle.png
[  21% ] _update_scan_actions | pet_shadowviper.png
[  23% ] _update_scan_actions | pet_thunderhawk.png
[  25% ] _update_scan_actions | abyss_ring_ground_reference_v1.png
[  27% ] _update_scan_actions | frost_post_ground_reference_v2.png
[  29% ] _update_scan_actions | lorin_wilds_grass_v2.png
[  31% ] _update_scan_actions | shenyuan_port_ground_reference_v2.png
[  34% ] _update_scan_actions | 001_tile_forest_1.png
[  36% ] _update_scan_actions | 002_tile_forest_2.png
[  38% ] _update_scan_actions | 003_tile_forest_3.png
[  40% ] _update_scan_actions | 004_tile_snow_1.png
[  42% ] _update_scan_actions | 005_tile_snow_2.png
[  44% ] _update_scan_actions | 006_tile_snow_3.png
[  46% ] _update_scan_actions | 007_tile_volcano_1.png
[  48% ] _update_scan_actions | 008_tile_volcano_2.png
[  51% ] _update_scan_actions | 009_tile_volcano_3.png
[  53% ] _update_scan_actions | 010_tile_tomb_1.png
[  55% ] _update_scan_actions | 011_tile_tomb_2.png
[  57% ] _update_scan_actions | 012_tile_tomb_3.png
[  59% ] _update_scan_actions | 013_tile_desert_1.png
[  61% ] _update_scan_actions | 014_tile_desert_2.png
[  63% ] _update_scan_actions | 015_tile_desert_3.png
[  65% ] _update_scan_actions | 016_tile_glacier_1.png
[  68% ] _update_scan_actions | 017_tile_glacier_2.png
[  70% ] _update_scan_actions | 018_tile_glacier_3.png
[  72% ] _update_scan_actions | 019_tile_abyss_1.png
[  74% ] _update_scan_actions | 020_tile_abyss_2.png
[  76% ] _update_scan_actions | 021_tile_abyss_3.png
[  78% ] _update_scan_actions | 022_tile_castle_1.png
[  80% ] _update_scan_actions | 023_tile_castle_2.png
[  82% ] _update_scan_actions | 024_tile_castle_3.png
[  85% ] _update_scan_actions | 025_tile_forest_path_sheet_00_15.png
[  87% ] _update_scan_actions | 026_tile_snow_path_sheet_00_15.png
[  89% ] _update_scan_actions | 027_tile_volcano_lava_sheet_00_15.png
[  91% ] _update_scan_actions | shuangyu_walk_before_direct_v17.png
[  93% ] _update_scan_actions | shuangyu_walk_4dir.png
[  95% ] _update_scan_actions | shuangyu_walk_side_video_v17.png
[ DONE ] _update_scan_actions

[   0% ] reimport | Started 正在导入或重新导入资产 (7 steps)
[   0% ] reimport | 正在准备重新导入文件……
[  12% ] reimport | 正在准备重新导入文件……
[  25% ] reimport | 正在准备重新导入文件……
[  37% ] reimport | 正在准备重新导入文件……
[  50% ] reimport | 正在准备重新导入文件……
[  62% ] reimport | 正在准备重新导入文件……
[  75% ] reimport | 正在准备重新导入文件……
[   0% ] reimport | 正在执行重新导入的前置操作……
[   0% ] reimport | abyss_ring_ground_reference_v1.png
[  12% ] reimport | frost_post_ground_reference_v2.png
[  25% ] reimport | lorin_wilds_grass_v2.png
[  37% ] reimport | shenyuan_port_ground_reference_v2.png
[  50% ] reimport | shuangyu_walk_before_direct_v17.png
[  62% ] reimport | shuangyu_walk_4dir.png
[  75% ] reimport | shuangyu_walk_side_video_v17.png
[  87% ] reimport | 正在结束资产导入……
[ DONE ] reimport

[   0% ] reimport | Started 正在导入或重新导入资产 (7 steps)
[   0% ] reimport | 正在执行重新导入的后置操作……
[ DONE ] reimport

[   0% ] loading_editor_layout | Started 正在加载编辑器 (5 steps)
[   0% ] loading_editor_layout | 正在加载编辑器布局……
[  16% ] loading_editor_layout | 正在加载停靠面板……
[  33% ] loading_editor_layout | 正在重新打开场景……
[  50% ] loading_editor_layout | 正在加载中央编辑器布局……
[  66% ] loading_editor_layout | 正在加载插件窗口布局……
[  83% ] loading_editor_layout | 编辑器布局就绪。
[ DONE ] loading_editor_layout

