Godot Engine v4.7.2.stable.official.ed1daf0bf - https://godotengine.org

PANELS_OK all tests passed
ERROR: Failed to read the root certificate store.
   at: get_system_ca_certificates (platform/windows/os_windows.cpp:2582)
WARNING: shop.json 商品 id 重复：ticket_ten，只保留第一条
   at: push_warning (core/variant/variant_utility.cpp:1033)
   GDScript backtrace (most recent call first):
       [0] shop_items (res://src/autoload/G.gd:2873)
       [1] _verify_settings (res://tools/VerifyPanels.gd:284)
WARNING: shop.json 商品价格非法（须正整数）：enhance_stone，已下架
   at: push_warning (core/variant/variant_utility.cpp:1033)
   GDScript backtrace (most recent call first):
       [0] shop_items (res://src/autoload/G.gd:2880)
       [1] _verify_settings (res://tools/VerifyPanels.gd:284)
WARNING: shop.json 商品价格非法（须正整数）：refine_stone，已下架
   at: push_warning (core/variant/variant_utility.cpp:1033)
   GDScript backtrace (most recent call first):
       [0] shop_items (res://src/autoload/G.gd:2880)
       [1] _verify_settings (res://tools/VerifyPanels.gd:284)
WARNING: shop.json 商品价格非法（须正整数）：lock_rune，已下架
   at: push_warning (core/variant/variant_utility.cpp:1033)
   GDScript backtrace (most recent call first):
       [0] shop_items (res://src/autoload/G.gd:2880)
       [1] _verify_settings (res://tools/VerifyPanels.gd:284)
WARNING: shop.json 商品价格非法（须正整数）：pet_food，已下架
   at: push_warning (core/variant/variant_utility.cpp:1033)
   GDScript backtrace (most recent call first):
       [0] shop_items (res://src/autoload/G.gd:2880)
       [1] _verify_settings (res://tools/VerifyPanels.gd:284)
WARNING: shop.json 商品价格非法（须正整数）：break_crystal，已下架
   at: push_warning (core/variant/variant_utility.cpp:1033)
   GDScript backtrace (most recent call first):
       [0] shop_items (res://src/autoload/G.gd:2880)
       [1] _verify_settings (res://tools/VerifyPanels.gd:284)
WARNING: shop.json 商品未登记：no_such_item_xyz，已下架
   at: push_warning (core/variant/variant_utility.cpp:1033)
   GDScript backtrace (most recent call first):
       [0] shop_items (res://src/autoload/G.gd:2876)
       [1] _verify_settings (res://tools/VerifyPanels.gd:284)
WARNING: shop.json 条目缺 item 字段，已下架
   at: push_warning (core/variant/variant_utility.cpp:1033)
   GDScript backtrace (most recent call first):
       [0] shop_items (res://src/autoload/G.gd:2870)
       [1] _verify_settings (res://tools/VerifyPanels.gd:284)
WARNING: 2 RIDs of type "CanvasItem" were leaked.
   at: _free_rids (servers/rendering/renderer_canvas_cull.cpp:2735)
WARNING: 12 ObjectDB instances were leaked at exit (run with `--verbose` for details).
   at: cleanup (core/object/object.cpp:2536)
ERROR: 3 resources still in use at exit (run with --verbose for details).
   at: clear (core/io/resource.cpp:822)

