Godot Engine v4.6.1.stable.official.14d19694e - https://godotengine.org
OpenGL API 3.3.0 Core Profile Context 23.20.60.03.240314 - Compatibility - Using Device: ATI Technologies Inc. - AMD Radeon 780M Graphics

CAPTURED lorin_wilds
CAPTURED maple_road
CAPTURED broken_slope
CAPTURED old_salt_road
CAPTURED shenyuan_port
CAPTURED tideflat
CAPTURED tidal_gate
CAPTURED stele_cavern
CAPTURED red_sand_route
CAPTURED frost_post
CAPTURED rift_mine_road
CAPTURED rift_mine_vault
CAPTURED frost_pass
CAPTURED frost_boardwalk
CAPTURED abyss_ring
CAPTURED stele_entry
CAPTURED stele_resonance
CAPTURED stele_core
CAPTURED exp_forest
CAPTURED exp_snow
CAPTURED exp_volcano
CAPTURED exp_tomb
CAPTURED exp_desert
CAPTURED exp_glacier
CAPTURED exp_abyss
CAPTURED exp_castle
MAP_BACKGROUND_AUDIT_OK images=96
