Godot Engine v4.6.1.stable.official.14d19694e - https://godotengine.org
OpenGL API 3.3.0 Core Profile Context 23.20.60.03.240314 - Compatibility - Using Device: ATI Technologies Inc. - AMD Radeon 780M Graphics

ERROR: Failed to read the root certificate store.
   at: get_system_ca_certificates (platform/windows/os_windows.cpp:2570)
ERROR: Condition "f.is_null()" is true.
   at: _save_to_cache (drivers/gles3/shader_gles3.cpp:645)
CAPTURED maple_road
CAPTURED broken_slope
CAPTURED frost_boardwalk
MAP_BACKGROUND_AUDIT_OK images=12
WARNING: 6 RIDs of type "CanvasItem" were leaked.
   at: _free_rids (servers/rendering/renderer_canvas_cull.cpp:2692)
ERROR: 1 RID allocations of type 'N5GLES37TextureE' were leaked at exit.
ERROR: Texture with GL ID of 26: leaked 6628 bytes.
   at: ~Utilities (drivers/gles3/storage/utilities.cpp:77)
ERROR: Parameter "RenderingServer::get_singleton()" is null.
   at: ~CompressedTexture2D (scene/resources/compressed_texture.cpp:461)
ERROR: 1 RID allocations of type 'PN18TextServerAdvanced12FontAdvancedE' were leaked at exit.
WARNING: ObjectDB instances leaked at exit (run with --verbose for details).
   at: cleanup (core/object/object.cpp:2641)
ERROR: 2 resources still in use at exit (run with --verbose for details).
   at: clear (core/io/resource.cpp:810)
