Godot Engine v4.7.2.stable.official.ed1daf0bf - https://godotengine.org

ERROR: Failed to read the root certificate store.
   at: get_system_ca_certificates (platform/windows/os_windows.cpp:2582)
[   0% ] first_scan_filesystem | Started 项目初始化 (5 steps)
[   0% ] first_scan_filesystem | 正在扫描文件结构……
[  16% ] first_scan_filesystem | 正在加载全局类名……
[  33% ] first_scan_filesystem | 正在校验 GDExtension……
[  50% ] first_scan_filesystem | 正在创建自动加载脚本……
SCRIPT ERROR: Parse Error: Invalid argument for "draw_texture_rect_region()" function: argument 1 should be "Texture2D" but is "Rect2".
   at: GDScript::reload (res://src/ui/IllustratedUI.gd:30)
SCRIPT ERROR: Parse Error: Invalid argument for "draw_texture_rect_region()" function: argument 2 should be "Rect2" but is "Texture2D".
   at: GDScript::reload (res://src/ui/IllustratedUI.gd:30)
SCRIPT ERROR: Parse Error: Invalid argument for "draw_texture_rect_region()" function: argument 1 should be "Texture2D" but is "Rect2".
   at: GDScript::reload (res://src/ui/IllustratedUI.gd:31)
SCRIPT ERROR: Parse Error: Invalid argument for "draw_texture_rect_region()" function: argument 2 should be "Rect2" but is "Texture2D".
   at: GDScript::reload (res://src/ui/IllustratedUI.gd:31)
SCRIPT ERROR: Parse Error: Invalid argument for "draw_texture_rect_region()" function: argument 1 should be "Texture2D" but is "Rect2".
   at: GDScript::reload (res://src/ui/IllustratedUI.gd:33)
SCRIPT ERROR: Parse Error: Invalid argument for "draw_texture_rect_region()" function: argument 2 should be "Rect2" but is "Texture2D".
   at: GDScript::reload (res://src/ui/IllustratedUI.gd:33)
SCRIPT ERROR: Parse Error: Invalid argument for "draw_texture_rect_region()" function: argument 1 should be "Texture2D" but is "Rect2".
   at: GDScript::reload (res://src/ui/IllustratedUI.gd:43)
SCRIPT ERROR: Parse Error: Invalid argument for "draw_texture_rect_region()" function: argument 2 should be "Rect2" but is "Texture2D".
   at: GDScript::reload (res://src/ui/IllustratedUI.gd:43)
SCRIPT ERROR: Parse Error: Invalid argument for "draw_texture_rect_region()" function: argument 1 should be "Texture2D" but is "Rect2".
   at: GDScript::reload (res://src/ui/IllustratedUI.gd:44)
SCRIPT ERROR: Parse Error: Invalid argument for "draw_texture_rect_region()" function: argument 2 should be "Rect2" but is "Texture2D".
   at: GDScript::reload (res://src/ui/IllustratedUI.gd:44)
SCRIPT ERROR: Parse Error: Invalid argument for "draw_texture_rect_region()" function: argument 1 should be "Texture2D" but is "Rect2".
   at: GDScript::reload (res://src/ui/IllustratedUI.gd:45)
SCRIPT ERROR: Parse Error: Invalid argument for "draw_texture_rect_region()" function: argument 2 should be "Rect2" but is "Texture2D".
   at: GDScript::reload (res://src/ui/IllustratedUI.gd:45)
SCRIPT ERROR: Parse Error: Identifier "IllustratedUI" not declared in the current scope.
   at: GDScript::reload (res://src/ui/IllustratedUI.gd:79)
SCRIPT ERROR: Parse Error: Identifier "IllustratedUI" not declared in the current scope.
   at: GDScript::reload (res://src/ui/IllustratedUI.gd:95)
SCRIPT ERROR: Parse Error: Identifier "IllustratedUI" not declared in the current scope.
   at: GDScript::reload (res://src/ui/IllustratedUI.gd:122)
SCRIPT ERROR: Compile Error: Failed to compile depended scripts.
   at: GDScript::reload (res://src/ui/FieldUI.gd:0)
SCRIPT ERROR: Compile Error: Failed to compile depended scripts.
   at: GDScript::reload (res://src/ui/TradePanel.gd:0)
SCRIPT ERROR: Compile Error: Failed to compile depended scripts.
   at: GDScript::reload (res://src/explore/MapScene.gd:0)
SCRIPT ERROR: Compile Error: Failed to compile depended scripts.
   at: GDScript::reload (res://src/autoload/G.gd:0)
ERROR: Failed to load script "res://src/autoload/G.gd" with error "Parse error".
   at: load (modules/gdscript/gdscript_resource_format.cpp:46)
[  66% ] first_scan_filesystem | 正在初始化插件……
MCP_BRIDGE_LISTENING: 38900
[  83% ] first_scan_filesystem | 正在启动文件扫描……
[ DONE ] first_scan_filesystem

[   0% ] update_scripts_classes | Started 正在注册全局类…… (14 steps)
[   0% ] update_scripts_classes | MapScene
[   6% ] update_scripts_classes | 
[  13% ] update_scripts_classes | 
[  20% ] update_scripts_classes | 
[  26% ] update_scripts_classes | 
[  33% ] update_scripts_classes | 
[  40% ] update_scripts_classes | 
[  46% ] update_scripts_classes | 
[  53% ] update_scripts_classes | 
[  60% ] update_scripts_classes | 
[  66% ] update_scripts_classes | 
[  73% ] update_scripts_classes | 
[  80% ] update_scripts_classes | 
[  86% ] update_scripts_classes | 
[ DONE ] update_scripts_classes

[   0% ] _update_scan_actions | Started 正在扫描动作…… (4 steps)
[   0% ] _update_scan_actions | charter_menu.png
[  20% ] _update_scan_actions | folio_window.png
[  40% ] _update_scan_actions | journey_atlas.png
[  60% ] _update_scan_actions | silk_action.png
[ DONE ] _update_scan_actions

[   0% ] reimport | Started 正在导入或重新导入资产 (4 steps)
[   0% ] reimport | 正在准备重新导入文件……
[  20% ] reimport | 正在准备重新导入文件……
[  40% ] reimport | 正在准备重新导入文件……
[  60% ] reimport | 正在准备重新导入文件……
[   0% ] reimport | 正在执行重新导入的前置操作……
[   0% ] reimport | charter_menu.png
[  20% ] reimport | folio_window.png
[  40% ] reimport | journey_atlas.png
[  60% ] reimport | silk_action.png
[  80% ] reimport | 正在结束资产导入……
[ DONE ] reimport

[   0% ] reimport | Started 正在导入或重新导入资产 (4 steps)
[   0% ] reimport | 正在执行重新导入的后置操作……
[ DONE ] reimport

[   0% ] loading_editor_layout | Started 正在加载编辑器 (5 steps)
[   0% ] loading_editor_layout | 正在加载编辑器布局……
[  16% ] loading_editor_layout | 正在加载停靠面板……
[  33% ] loading_editor_layout | 正在重新打开场景……
[  50% ] loading_editor_layout | 正在加载中央编辑器布局……
[  66% ] loading_editor_layout | 正在加载插件窗口布局……
[  83% ] loading_editor_layout | 编辑器布局就绪。
[ DONE ] loading_editor_layout

