Godot Engine v4.7.2.stable.official.ed1daf0bf - https://godotengine.org

PERF 加载页预热完（含编译）     2164 ms
PERF GameHome 进场景              67 ms（预算 200）
PERF 开浮层 世界     第1次       36 ms（预算 100）
PERF 开浮层 世界     第2次       17 ms（预算 70）
PERF 开浮层 图鉴     第1次       38 ms（预算 100）
PERF 开浮层 图鉴     第2次       14 ms（预算 70）
PERF 开浮层 召唤     第1次       97 ms（预算 100）
PERF 开浮层 召唤     第2次       13 ms（预算 70）
PERF 开浮层 兑换     第1次       59 ms（预算 100）
PERF 开浮层 兑换     第2次       14 ms（预算 70）
PERF 开浮层 设置     第1次       25 ms（预算 100）
PERF 开浮层 设置     第2次       14 ms（预算 70）
PERF 开浮层 养成     第1次       13 ms（预算 100）
PERF 开浮层 养成     第2次       14 ms（预算 70）
PERF CityScene 进场景            217 ms（预算 320）
PERF_OK all tests passed
ERROR: 1 RID allocations of type 'PN18TextServerAdvanced12FontAdvancedE' were leaked at exit.
ERROR: Failed to read the root certificate store.
   at: get_system_ca_certificates (platform/windows/os_windows.cpp:2582)
WARNING: 9 RIDs of type "CanvasItem" were leaked.
   at: _free_rids (servers/rendering/renderer_canvas_cull.cpp:2735)
WARNING: 28 ObjectDB instances were leaked at exit (run with `--verbose` for details).
   at: cleanup (core/object/object.cpp:2536)
ERROR: 3 resources still in use at exit (run with --verbose for details).
   at: clear (core/io/resource.cpp:822)

