Godot Engine v4.7.2.stable.official.ed1daf0bf - https://godotengine.org

ERROR: Failed to read the root certificate store.
   at: get_system_ca_certificates (platform/windows/os_windows.cpp:2582)
[   0% ] first_scan_filesystem | Started 项目初始化 (5 steps)
[   0% ] first_scan_filesystem | 正在扫描文件结构……
[  16% ] first_scan_filesystem | 正在加载全局类名……
[  33% ] first_scan_filesystem | 正在校验 GDExtension……
[  50% ] first_scan_filesystem | 正在创建自动加载脚本……
[  66% ] first_scan_filesystem | 正在初始化插件……
[  83% ] first_scan_filesystem | 正在启动文件扫描……
[ DONE ] first_scan_filesystem

[   0% ] _update_scan_actions | Started 正在扫描动作…… (15 steps)
[   0% ] _update_scan_actions | chuanyang_walk_before_v8.png
[   6% ] _update_scan_actions | chuanyang_walk_side_v8.png
[  12% ] _update_scan_actions | chuanyang_walk_4dir.png
[  18% ] _update_scan_actions | shuangyu_walk_before_v8.png
[  25% ] _update_scan_actions | shuangyu_walk_side_v8.png
[  31% ] _update_scan_actions | chenxing_walk_before_v8.png
[  37% ] _update_scan_actions | chenxing_walk_side_v8.png
[  43% ] _update_scan_actions | chenxing_candidate.png
[  50% ] _update_scan_actions | chuanyang_candidate.png
[  56% ] _update_scan_actions | pojun_candidate.png
[  62% ] _update_scan_actions | shuangyu_candidate.png
[  68% ] _update_scan_actions | side_review.png
[  75% ] _update_scan_actions | pojun_walk_before_v8.png
[  81% ] _update_scan_actions | pojun_walk_side_v8.png
[  87% ] _update_scan_actions | pojun_walk_4dir.png
[ DONE ] _update_scan_actions

[   0% ] reimport | Started 正在导入或重新导入资产 (15 steps)
[   0% ] reimport | 正在准备重新导入文件……
[   6% ] reimport | 正在准备重新导入文件……
[  12% ] reimport | 正在准备重新导入文件……
[  18% ] reimport | 正在准备重新导入文件……
[  25% ] reimport | 正在准备重新导入文件……
[  31% ] reimport | 正在准备重新导入文件……
[  37% ] reimport | 正在准备重新导入文件……
[  43% ] reimport | 正在准备重新导入文件……
[  50% ] reimport | 正在准备重新导入文件……
[  56% ] reimport | 正在准备重新导入文件……
[  62% ] reimport | 正在准备重新导入文件……
[  68% ] reimport | 正在准备重新导入文件……
[  75% ] reimport | 正在准备重新导入文件……
[  81% ] reimport | 正在准备重新导入文件……
[  87% ] reimport | 正在准备重新导入文件……
[   0% ] reimport | 正在执行重新导入的前置操作……
[   0% ] reimport | chuanyang_walk_before_v8.png
[   6% ] reimport | chuanyang_walk_side_v8.png
[  12% ] reimport | chuanyang_walk_4dir.png
[  18% ] reimport | shuangyu_walk_before_v8.png
[  25% ] reimport | shuangyu_walk_side_v8.png
[  31% ] reimport | chenxing_walk_before_v8.png
[  37% ] reimport | chenxing_walk_side_v8.png
[  43% ] reimport | chenxing_candidate.png
[  50% ] reimport | chuanyang_candidate.png
[  56% ] reimport | pojun_candidate.png
[  62% ] reimport | shuangyu_candidate.png
[  68% ] reimport | side_review.png
[  75% ] reimport | pojun_walk_before_v8.png
[  81% ] reimport | pojun_walk_side_v8.png
[  87% ] reimport | pojun_walk_4dir.png
[  93% ] reimport | 正在结束资产导入……
[ DONE ] reimport

[   0% ] reimport | Started 正在导入或重新导入资产 (15 steps)
[   0% ] reimport | 正在执行重新导入的后置操作……
[ DONE ] reimport

[   0% ] loading_editor_layout | Started 正在加载编辑器 (5 steps)
[   0% ] loading_editor_layout | 正在加载编辑器布局……
[  16% ] loading_editor_layout | 正在加载停靠面板……
[  33% ] loading_editor_layout | 正在重新打开场景……
[  50% ] loading_editor_layout | 正在加载中央编辑器布局……
[  66% ] loading_editor_layout | 正在加载插件窗口布局……
[  83% ] loading_editor_layout | 编辑器布局就绪。
[ DONE ] loading_editor_layout

ERROR: Cannot save file 'C:/Users/Administrator/AppData/Roaming/Godot/editor_settings-4.7.tres'.
   at: save (scene/resources/resource_format_text.cpp:1768)
ERROR: Error saving editor settings to C:/Users/Administrator/AppData/Roaming/Godot/editor_settings-4.7.tres
   at: save (editor/settings/editor_settings.cpp:1525)
