Godot Engine v4.7.2.stable.official.ed1daf0bf - https://godotengine.org

VISUAL_REFRESH_OK
ERROR: Failed to read the root certificate store.
   at: get_system_ca_certificates (platform/windows/os_windows.cpp:2582)
ERROR: The object does not have any 'meta' values with the key 'press_motion'.
   at: get_meta (core/object/object.cpp:1053)
   GDScript backtrace (most recent call first):
       [0] <anonymous lambda> (res://src/autoload/G.gd:6085)
       [1] _ready (res://tools/VerifyVisualRefresh.gd:84)
ERROR: The object does not have any 'meta' values with the key 'press_motion'.
   at: get_meta (core/object/object.cpp:1053)
   GDScript backtrace (most recent call first):
       [0] <anonymous lambda> (res://src/autoload/G.gd:6085)
       [1] _ready (res://tools/VerifyVisualRefresh.gd:84)
WARNING: 8 RIDs of type "CanvasItem" were leaked.
   at: _free_rids (servers/rendering/renderer_canvas_cull.cpp:2735)
WARNING: 21 ObjectDB instances were leaked at exit (run with `--verbose` for details).
   at: cleanup (core/object/object.cpp:2536)
ERROR: 2 resources still in use at exit (run with --verbose for details).
   at: clear (core/io/resource.cpp:822)

