Godot Engine v4.7.2.stable.official.ed1daf0bf - https://godotengine.org
OpenGL API 3.3.0 Core Profile Context 23.20.60.03.240314 - Compatibility - Using Device: ATI Technologies Inc. - AMD Radeon 780M Graphics

ERROR: Failed to read the root certificate store.
   at: get_system_ca_certificates (platform/windows/os_windows.cpp:2582)
ERROR: No loader found for resource: res://assets/ui/illustrated_icons_20261007/book.png (expected type: Texture2D)
   at: _load (core/io/resource_loader.cpp:332)
   GDScript backtrace (most recent call first):
       [0] texture (res://src/ui/UIIcons.gd:32)
       [1] _draw (res://src/ui/Title.gd:215)
ERROR: res://assets/ui/illustrated_icons_20261007/book.tres:4 - Parse Error: [ext_resource] referenced non-existent resource at: res://assets/ui/illustrated_icons_20261007/book.png.
   at: _printerr (scene/resources/resource_format_text.cpp:41)
   GDScript backtrace (most recent call first):
       [0] texture (res://src/ui/UIIcons.gd:32)
       [1] _draw (res://src/ui/Title.gd:215)
ERROR: res://assets/ui/illustrated_icons_20261007/book.tres:4 - Parse Error: [ext_resource] referenced non-existent resource at: res://assets/ui/illustrated_icons_20261007/book.png.
   at: _printerr (scene/resources/resource_format_text.cpp:41)
   GDScript backtrace (most recent call first):
       [0] texture (res://src/ui/UIIcons.gd:32)
       [1] _draw (res://src/ui/Title.gd:215)
ERROR: Failed loading resource: res://assets/ui/illustrated_icons_20261007/book.tres.
   at: _load (core/io/resource_loader.cpp:317)
   GDScript backtrace (most recent call first):
       [0] texture (res://src/ui/UIIcons.gd:32)
       [1] _draw (res://src/ui/Title.gd:215)
FRONTEND_CAPTURE_OK images=4
