ERROR: Failed to read the root certificate store.
   at: get_system_ca_certificates (platform/windows/os_windows.cpp:2582)
ERROR: No loader found for resource: res://assets/ui/illustrated_icons_20261007/book.png (expected type: Texture2D)
   at: _load (core/io/resource_loader.cpp:332)
   GDScript backtrace (most recent call first):
       [0] texture (res://src/ui/UIIcons.gd:32)
       [1] _draw (res://src/ui/Title.gd:215)
ERROR: res://assets/ui/illustrated_icons_20261007/book.tres:4 - Parse Error: [ext_resource] referenced non-existent resource at: res://assets/ui/illustrated_icons_20261007/book.png.
   at: _printerr (scene/resources/resource_format_text.cpp:41)
   GDScript backtrace (most recent call first):
       [0] texture (res://src/ui/UIIcons.gd:32)
       [1] _draw (res://src/ui/Title.gd:215)
ERROR: res://assets/ui/illustrated_icons_20261007/book.tres:4 - Parse Error: [ext_resource] referenced non-existent resource at: res://assets/ui/illustrated_icons_20261007/book.png.
   at: _printerr (scene/resources/resource_format_text.cpp:41)
   GDScript backtrace (most recent call first):
       [0] texture (res://src/ui/UIIcons.gd:32)
       [1] _draw (res://src/ui/Title.gd:215)
ERROR: Failed loading resource: res://assets/ui/illustrated_icons_20261007/book.tres.
   at: _load (core/io/resource_loader.cpp:317)
   GDScript backtrace (most recent call first):
       [0] texture (res://src/ui/UIIcons.gd:32)
       [1] _draw (res://src/ui/Title.gd:215)
ERROR: Texture with GL ID of 28: leaked 6628 bytes.
   at: ~Utilities (drivers/gles3/storage/utilities.cpp:82)
ERROR: Parameter "RenderingServer::get_singleton()" is null.
   at: ~CompressedTexture2D (scene/resources/compressed_texture.cpp:464)
WARNING: 4 ObjectDB instances were leaked at exit (run with `--verbose` for details).
   at: cleanup (core/object/object.cpp:2536)
ERROR: 2 resources still in use at exit (run with --verbose for details).
   at: clear (core/io/resource.cpp:822)
