Godot Engine v4.7.2.stable.official.ed1daf0bf - https://godotengine.org

ERROR: Failed to read the root certificate store.
   at: get_system_ca_certificates (platform/windows/os_windows.cpp:2582)
[   0% ] first_scan_filesystem | Started 项目初始化 (5 steps)
[   0% ] first_scan_filesystem | 正在扫描文件结构……
[  16% ] first_scan_filesystem | 正在加载全局类名……
[  33% ] first_scan_filesystem | 正在校验 GDExtension……
[  50% ] first_scan_filesystem | 正在创建自动加载脚本……
[  66% ] first_scan_filesystem | 正在初始化插件……
MCP_BRIDGE_LISTENING: 38900
[  83% ] first_scan_filesystem | 正在启动文件扫描……
[ DONE ] first_scan_filesystem

[   0% ] update_scripts_classes | Started 正在注册全局类…… (6 steps)
[   0% ] update_scripts_classes | 
[  14% ] update_scripts_classes | 
[  28% ] update_scripts_classes | 
[  42% ] update_scripts_classes | 
[  57% ] update_scripts_classes | 
[  71% ] update_scripts_classes | 
[ DONE ] update_scripts_classes

[   0% ] _update_scan_actions | Started 正在扫描动作…… (14 steps)
[   0% ] _update_scan_actions | bag.png
[   6% ] _update_scan_actions | book.png
[  13% ] _update_scan_actions | coin.png
[  20% ] _update_scan_actions | exchange.png
[  26% ] _update_scan_actions | expedition.png
[  33% ] _update_scan_actions | growth.png
[  40% ] _update_scan_actions | honor.png
[  46% ] _update_scan_actions | plate.png
[  53% ] _update_scan_actions | settings.png
[  60% ] _update_scan_actions | soul.png
[  66% ] _update_scan_actions | spark.png
[  73% ] _update_scan_actions | summon.png
[  80% ] _update_scan_actions | swords.png
[  86% ] _update_scan_actions | world.png
[ DONE ] _update_scan_actions

[   0% ] reimport | Started 正在导入或重新导入资产 (14 steps)
[   0% ] reimport | 正在准备重新导入文件……
[   6% ] reimport | 正在准备重新导入文件……
[  13% ] reimport | 正在准备重新导入文件……
[  20% ] reimport | 正在准备重新导入文件……
[  26% ] reimport | 正在准备重新导入文件……
[  33% ] reimport | 正在准备重新导入文件……
[  40% ] reimport | 正在准备重新导入文件……
[  46% ] reimport | 正在准备重新导入文件……
[  53% ] reimport | 正在准备重新导入文件……
[  60% ] reimport | 正在准备重新导入文件……
[  66% ] reimport | 正在准备重新导入文件……
[  73% ] reimport | 正在准备重新导入文件……
[  80% ] reimport | 正在准备重新导入文件……
[  86% ] reimport | 正在准备重新导入文件……
[   0% ] reimport | 正在执行重新导入的前置操作……
[   0% ] reimport | bag.png
[   6% ] reimport | book.png
[  13% ] reimport | coin.png
[  20% ] reimport | exchange.png
[  26% ] reimport | expedition.png
[  33% ] reimport | growth.png
[  40% ] reimport | honor.png
[  46% ] reimport | plate.png
[  53% ] reimport | settings.png
[  60% ] reimport | soul.png
[  66% ] reimport | spark.png
[  73% ] reimport | summon.png
[  80% ] reimport | swords.png
[  86% ] reimport | world.png
[  93% ] reimport | 正在结束资产导入……
[ DONE ] reimport

[   0% ] reimport | Started 正在导入或重新导入资产 (14 steps)
[   0% ] reimport | 正在执行重新导入的后置操作……
[ DONE ] reimport

[   0% ] loading_editor_layout | Started 正在加载编辑器 (5 steps)
[   0% ] loading_editor_layout | 正在加载编辑器布局……
[  16% ] loading_editor_layout | 正在加载停靠面板……
[  33% ] loading_editor_layout | 正在重新打开场景……
[  50% ] loading_editor_layout | 正在加载中央编辑器布局……
[  66% ] loading_editor_layout | 正在加载插件窗口布局……
[  83% ] loading_editor_layout | 编辑器布局就绪。
[ DONE ] loading_editor_layout

